Archive member included to satisfy reference by file (symbol)

/opt/st/stm32cubeclt_1.17.0/GNU-tools-for-STM32/bin/../lib/gcc/arm-none-eabi/12.3.1/../../../../arm-none-eabi/lib/thumb/v7e-m+fp/hard/libc_nano.a(libc_a-exit.o)
                              /opt/st/stm32cubeclt_1.17.0/GNU-tools-for-STM32/bin/../lib/gcc/arm-none-eabi/12.3.1/../../../../arm-none-eabi/lib/thumb/v7e-m+fp/hard/crt0.o (exit)
/opt/st/stm32cubeclt_1.17.0/GNU-tools-for-STM32/bin/../lib/gcc/arm-none-eabi/12.3.1/../../../../arm-none-eabi/lib/thumb/v7e-m+fp/hard/libc_nano.a(libc_a-findfp.o)
                              /opt/st/stm32cubeclt_1.17.0/GNU-tools-for-STM32/bin/../lib/gcc/arm-none-eabi/12.3.1/../../../../arm-none-eabi/lib/thumb/v7e-m+fp/hard/libc_nano.a(libc_a-exit.o) (__stdio_exit_handler)
/opt/st/stm32cubeclt_1.17.0/GNU-tools-for-STM32/bin/../lib/gcc/arm-none-eabi/12.3.1/../../../../arm-none-eabi/lib/thumb/v7e-m+fp/hard/libc_nano.a(libc_a-fwalk.o)
                              /opt/st/stm32cubeclt_1.17.0/GNU-tools-for-STM32/bin/../lib/gcc/arm-none-eabi/12.3.1/../../../../arm-none-eabi/lib/thumb/v7e-m+fp/hard/libc_nano.a(libc_a-findfp.o) (_fwalk_sglue)
/opt/st/stm32cubeclt_1.17.0/GNU-tools-for-STM32/bin/../lib/gcc/arm-none-eabi/12.3.1/../../../../arm-none-eabi/lib/thumb/v7e-m+fp/hard/libc_nano.a(libc_a-stdio.o)
                              /opt/st/stm32cubeclt_1.17.0/GNU-tools-for-STM32/bin/../lib/gcc/arm-none-eabi/12.3.1/../../../../arm-none-eabi/lib/thumb/v7e-m+fp/hard/libc_nano.a(libc_a-findfp.o) (__sread)
/opt/st/stm32cubeclt_1.17.0/GNU-tools-for-STM32/bin/../lib/gcc/arm-none-eabi/12.3.1/../../../../arm-none-eabi/lib/thumb/v7e-m+fp/hard/libc_nano.a(libc_a-memset.o)
                              /opt/st/stm32cubeclt_1.17.0/GNU-tools-for-STM32/bin/../lib/gcc/arm-none-eabi/12.3.1/../../../../arm-none-eabi/lib/thumb/v7e-m+fp/hard/crt0.o (memset)
/opt/st/stm32cubeclt_1.17.0/GNU-tools-for-STM32/bin/../lib/gcc/arm-none-eabi/12.3.1/../../../../arm-none-eabi/lib/thumb/v7e-m+fp/hard/libc_nano.a(libc_a-closer.o)
                              /opt/st/stm32cubeclt_1.17.0/GNU-tools-for-STM32/bin/../lib/gcc/arm-none-eabi/12.3.1/../../../../arm-none-eabi/lib/thumb/v7e-m+fp/hard/libc_nano.a(libc_a-stdio.o) (_close_r)
/opt/st/stm32cubeclt_1.17.0/GNU-tools-for-STM32/bin/../lib/gcc/arm-none-eabi/12.3.1/../../../../arm-none-eabi/lib/thumb/v7e-m+fp/hard/libc_nano.a(libc_a-reent.o)
                              /opt/st/stm32cubeclt_1.17.0/GNU-tools-for-STM32/bin/../lib/gcc/arm-none-eabi/12.3.1/../../../../arm-none-eabi/lib/thumb/v7e-m+fp/hard/libc_nano.a(libc_a-closer.o) (errno)
/opt/st/stm32cubeclt_1.17.0/GNU-tools-for-STM32/bin/../lib/gcc/arm-none-eabi/12.3.1/../../../../arm-none-eabi/lib/thumb/v7e-m+fp/hard/libc_nano.a(libc_a-impure.o)
                              /opt/st/stm32cubeclt_1.17.0/GNU-tools-for-STM32/bin/../lib/gcc/arm-none-eabi/12.3.1/../../../../arm-none-eabi/lib/thumb/v7e-m+fp/hard/libc_nano.a(libc_a-reent.o) (_impure_ptr)
/opt/st/stm32cubeclt_1.17.0/GNU-tools-for-STM32/bin/../lib/gcc/arm-none-eabi/12.3.1/../../../../arm-none-eabi/lib/thumb/v7e-m+fp/hard/libc_nano.a(libc_a-lseekr.o)
                              /opt/st/stm32cubeclt_1.17.0/GNU-tools-for-STM32/bin/../lib/gcc/arm-none-eabi/12.3.1/../../../../arm-none-eabi/lib/thumb/v7e-m+fp/hard/libc_nano.a(libc_a-stdio.o) (_lseek_r)
/opt/st/stm32cubeclt_1.17.0/GNU-tools-for-STM32/bin/../lib/gcc/arm-none-eabi/12.3.1/../../../../arm-none-eabi/lib/thumb/v7e-m+fp/hard/libc_nano.a(libc_a-readr.o)
                              /opt/st/stm32cubeclt_1.17.0/GNU-tools-for-STM32/bin/../lib/gcc/arm-none-eabi/12.3.1/../../../../arm-none-eabi/lib/thumb/v7e-m+fp/hard/libc_nano.a(libc_a-stdio.o) (_read_r)
/opt/st/stm32cubeclt_1.17.0/GNU-tools-for-STM32/bin/../lib/gcc/arm-none-eabi/12.3.1/../../../../arm-none-eabi/lib/thumb/v7e-m+fp/hard/libc_nano.a(libc_a-writer.o)
                              /opt/st/stm32cubeclt_1.17.0/GNU-tools-for-STM32/bin/../lib/gcc/arm-none-eabi/12.3.1/../../../../arm-none-eabi/lib/thumb/v7e-m+fp/hard/libc_nano.a(libc_a-stdio.o) (_write_r)
/opt/st/stm32cubeclt_1.17.0/GNU-tools-for-STM32/bin/../lib/gcc/arm-none-eabi/12.3.1/../../../../arm-none-eabi/lib/thumb/v7e-m+fp/hard/libc_nano.a(libc_a-init.o)
                              /opt/st/stm32cubeclt_1.17.0/GNU-tools-for-STM32/bin/../lib/gcc/arm-none-eabi/12.3.1/../../../../arm-none-eabi/lib/thumb/v7e-m+fp/hard/crt0.o (__libc_init_array)
/opt/st/stm32cubeclt_1.17.0/GNU-tools-for-STM32/bin/../lib/gcc/arm-none-eabi/12.3.1/../../../../arm-none-eabi/lib/thumb/v7e-m+fp/hard/libc_nano.a(libc_a-lock.o)
                              /opt/st/stm32cubeclt_1.17.0/GNU-tools-for-STM32/bin/../lib/gcc/arm-none-eabi/12.3.1/../../../../arm-none-eabi/lib/thumb/v7e-m+fp/hard/libc_nano.a(libc_a-findfp.o) (__retarget_lock_init_recursive)
/opt/st/stm32cubeclt_1.17.0/GNU-tools-for-STM32/bin/../lib/gcc/arm-none-eabi/12.3.1/../../../../arm-none-eabi/lib/thumb/v7e-m+fp/hard/libc_nano.a(libc_a-freer.o)
[...]
Memory Configuration

Name             Origin             Length             Attributes
RAM              0x20000000         0x00020000         xrw
CCMRAM           0x10000000         0x00010000         xrw
FLASH            0x08000000         0x00100000         xr
*default*        0x00000000         0xffffffff

Linker script and memory map

LOAD /opt/st/stm32cubeclt_1.17.0/GNU-tools-for-STM32/bin/../lib/gcc/arm-none-eabi/12.3.1/thumb/v7e-m+fp/hard/crti.o
LOAD /opt/st/stm32cubeclt_1.17.0/GNU-tools-for-STM32/bin/../lib/gcc/arm-none-eabi/12.3.1/thumb/v7e-m+fp/hard/crtbegin.o
LOAD /opt/st/stm32cubeclt_1.17.0/GNU-tools-for-STM32/bin/../lib/gcc/arm-none-eabi/12.3.1/../../../../arm-none-eabi/lib/thumb/v7e-m+fp/hard/crt0.o
START GROUP
LOAD /opt/st/stm32cubeclt_1.17.0/GNU-tools-for-STM32/bin/../lib/gcc/arm-none-eabi/12.3.1/../../../../arm-none-eabi/lib/thumb/v7e-m+fp/hard/libc_nano.a
LOAD /opt/st/stm32cubeclt_1.17.0/GNU-tools-for-STM32/bin/../lib/gcc/arm-none-eabi/12.3.1/../../../../arm-none-eabi/lib/thumb/v7e-m+fp/hard/libm.a
END GROUP
LOAD CMakeFiles/Template_cmake.dir/Core/Src/main.c.obj
LOAD CMakeFiles/Template_cmake.dir/Core/Src/gpio.c.obj
LOAD CMakeFiles/Template_cmake.dir/Core/Src/stm32f4xx_it.c.obj
LOAD CMakeFiles/Template_cmake.dir/Core/Src/stm32f4xx_hal_msp.c.obj
LOAD CMakeFiles/Template_cmake.dir/Drivers/STM32F4xx_HAL_Driver/Src/stm32f4xx_hal_rcc.c.obj
LOAD CMakeFiles/Template_cmake.dir/Drivers/STM32F4xx_HAL_Driver/Src/stm32f4xx_hal_rcc_ex.c.obj
LOAD CMakeFiles/Template_cmake.dir/Drivers/STM32F4xx_HAL_Driver/Src/stm32f4xx_hal_flash.c.obj
LOAD CMakeFiles/Template_cmake.dir/Drivers/STM32F4xx_HAL_Driver/Src/stm32f4xx_hal_flash_ex.c.obj
LOAD CMakeFiles/Template_cmake.dir/Drivers/STM32F4xx_HAL_Driver/Src/stm32f4xx_hal_flash_ramfunc.c.obj
LOAD CMakeFiles/Template_cmake.dir/Drivers/STM32F4xx_HAL_Driver/Src/stm32f4xx_hal_gpio.c.obj
LOAD CMakeFiles/Template_cmake.dir/Drivers/STM32F4xx_HAL_Driver/Src/stm32f4xx_hal_dma_ex.c.obj
LOAD CMakeFiles/Template_cmake.dir/Drivers/STM32F4xx_HAL_Driver/Src/stm32f4xx_hal_dma.c.obj
LOAD CMakeFiles/Template_cmake.dir/Drivers/STM32F4xx_HAL_Driver/Src/stm32f4xx_hal_pwr.c.obj
LOAD CMakeFiles/Template_cmake.dir/Drivers/STM32F4xx_HAL_Driver/Src/stm32f4xx_hal_pwr_ex.c.obj
LOAD CMakeFiles/Template_cmake.dir/Drivers/STM32F4xx_HAL_Driver/Src/stm32f4xx_hal_cortex.c.obj
LOAD CMakeFiles/Template_cmake.dir/Drivers/STM32F4xx_HAL_Driver/Src/stm32f4xx_hal.c.obj
LOAD CMakeFiles/Template_cmake.dir/Drivers/STM32F4xx_HAL_Driver/Src/stm32f4xx_hal_exti.c.obj
LOAD CMakeFiles/Template_cmake.dir/Core/Src/system_stm32f4xx.c.obj
LOAD CMakeFiles/Template_cmake.dir/Core/Src/sysmem.c.obj
LOAD CMakeFiles/Template_cmake.dir/Core/Src/syscalls.c.obj
LOAD CMakeFiles/Template_cmake.dir/startup_stm32f407xx.s.obj
START GROUP
LOAD /opt/st/stm32cubeclt_1.17.0/GNU-tools-for-STM32/bin/../lib/gcc/arm-none-eabi/12.3.1/thumb/v7e-m+fp/hard/libgcc.a
LOAD /opt/st/stm32cubeclt_1.17.0/GNU-tools-for-STM32/bin/../lib/gcc/arm-none-eabi/12.3.1/../../../../arm-none-eabi/lib/thumb/v7e-m+fp/hard/libg_nano.a
LOAD /opt/st/stm32cubeclt_1.17.0/GNU-tools-for-STM32/bin/../lib/gcc/arm-none-eabi/12.3.1/../../../../arm-none-eabi/lib/thumb/v7e-m+fp/hard/libc_nano.a
END GROUP
START GROUP
LOAD /opt/st/stm32cubeclt_1.17.0/GNU-tools-for-STM32/bin/../lib/gcc/arm-none-eabi/12.3.1/thumb/v7e-m+fp/hard/libgcc.a
LOAD /opt/st/stm32cubeclt_1.17.0/GNU-tools-for-STM32/bin/../lib/gcc/arm-none-eabi/12.3.1/../../../../arm-none-eabi/lib/thumb/v7e-m+fp/hard/libc_nano.a
END GROUP
LOAD /opt/st/stm32cubeclt_1.17.0/GNU-tools-for-STM32/bin/../lib/gcc/arm-none-eabi/12.3.1/thumb/v7e-m+fp/hard/crtend.o
LOAD /opt/st/stm32cubeclt_1.17.0/GNU-tools-for-STM32/bin/../lib/gcc/arm-none-eabi/12.3.1/thumb/v7e-m+fp/hard/crtn.o
                0x20020000                        _estack = (ORIGIN (RAM) + LENGTH (RAM))
                0x00000200                        _Min_Heap_Size = 0x200
                0x00000400                        _Min_Stack_Size = 0x400

.isr_vector     0x08000000      0x188
                0x08000000                        . = ALIGN (0x4)
 *(.isr_vector)
 .isr_vector    0x08000000      0x188 CMakeFiles/Template_cmake.dir/startup_stm32f407xx.s.obj
                0x08000000                g_pfnVectors
                0x08000188                        . = ALIGN (0x4)

.text           0x08000188      0xf04
                0x08000188                        . = ALIGN (0x4)
 *(.text)
 .text          0x08000188       0x40 /opt/st/stm32cubeclt_1.17.0/GNU-tools-for-STM32/bin/../lib/gcc/arm-none-eabi/12.3.1/thumb/v7e-m+fp/hard/crtbegin.o
 .text          0x080001c8       0x30 /opt/st/stm32cubeclt_1.17.0/GNU-tools-for-STM32/bin/../lib/gcc/arm-none-eabi/12.3.1/thumb/v7e-m+fp/hard/libgcc.a(_aeabi_uldivmod.o)
                0x080001c8                __aeabi_uldivmod
 .text          0x080001f8      0x2bc /opt/st/stm32cubeclt_1.17.0/GNU-tools-for-STM32/bin/../lib/gcc/arm-none-eabi/12.3.1/thumb/v7e-m+fp/hard/libgcc.a(_udivmoddi4.o)
                0x080001f8                __udivmoddi4
 .text          0x080004b4        0x4 /opt/st/stm32cubeclt_1.17.0/GNU-tools-for-STM32/bin/../lib/gcc/arm-none-eabi/12.3.1/thumb/v7e-m+fp/hard/libgcc.a(_dvmd_tls.o)
                0x080004b4                __aeabi_ldiv0
                0x080004b4                __aeabi_idiv0
 *(.text*)
 .text.__libc_init_array
                0x080004b8       0x48 /opt/st/stm32cubeclt_1.17.0/GNU-tools-for-STM32/bin/../lib/gcc/arm-none-eabi/12.3.1/../../../../arm-none-eabi/lib/thumb/v7e-m+fp/hard/libc_nano.a(libc_a-init.o)
                0x080004b8                __libc_init_array
 .text.SystemClock_Config
                0x08000500       0xa4 CMakeFiles/Template_cmake.dir/Core/Src/main.c.obj
                0x08000500                SystemClock_Config
 .text.startup.main
                0x080005a4       0x60 CMakeFiles/Template_cmake.dir/Core/Src/main.c.obj
                0x080005a4                main
 .text.MX_GPIO_Init
                0x08000604       0x6c CMakeFiles/Template_cmake.dir/Core/Src/gpio.c.obj
                0x08000604                MX_GPIO_Init
 .text.NMI_Handler
                0x08000670        0x4 CMakeFiles/Template_cmake.dir/Core/Src/stm32f4xx_it.c.obj
                0x08000670                NMI_Handler
 .text.HardFault_Handler
                0x08000674        0x4 CMakeFiles/Template_cmake.dir/Core/Src/stm32f4xx_it.c.obj
                0x08000674                HardFault_Handler
 .text.MemManage_Handler
                0x08000678        0x4 CMakeFiles/Template_cmake.dir/Core/Src/stm32f4xx_it.c.obj
                0x08000678                MemManage_Handler
 .text.BusFault_Handler
                0x0800067c        0x4 CMakeFiles/Template_cmake.dir/Core/Src/stm32f4xx_it.c.obj
                0x0800067c                BusFault_Handler
 .text.UsageFault_Handler
                0x08000680        0x4 CMakeFiles/Template_cmake.dir/Core/Src/stm32f4xx_it.c.obj
                0x08000680                UsageFault_Handler
 .text.SVC_Handler
                0x08000684        0x4 CMakeFiles/Template_cmake.dir/Core/Src/stm32f4xx_it.c.obj
                0x08000684                SVC_Handler
 .text.DebugMon_Handler
                0x08000688        0x4 CMakeFiles/Template_cmake.dir/Core/Src/stm32f4xx_it.c.obj
                0x08000688                DebugMon_Handler
 .text.PendSV_Handler
                0x0800068c        0x4 CMakeFiles/Template_cmake.dir/Core/Src/stm32f4xx_it.c.obj
                0x0800068c                PendSV_Handler
 .text.SysTick_Handler
                0x08000690        0x4 CMakeFiles/Template_cmake.dir/Core/Src/stm32f4xx_it.c.obj
                0x08000690                SysTick_Handler
 .text.HAL_MspInit
                0x08000694       0x38 CMakeFiles/Template_cmake.dir/Core/Src/stm32f4xx_hal_msp.c.obj
                0x08000694                HAL_MspInit
 .text.HAL_RCC_OscConfig
                0x080006cc      0x3c4 CMakeFiles/Template_cmake.dir/Drivers/STM32F4xx_HAL_Driver/Src/stm32f4xx_hal_rcc.c.obj
                0x080006cc                HAL_RCC_OscConfig
 .text.HAL_RCC_GetSysClockFreq
                0x08000a90       0x68 CMakeFiles/Template_cmake.dir/Drivers/STM32F4xx_HAL_Driver/Src/stm32f4xx_hal_rcc.c.obj
                0x08000a90                HAL_RCC_GetSysClockFreq
 .text.HAL_RCC_ClockConfig
                0x08000af8      0x13c CMakeFiles/Template_cmake.dir/Drivers/STM32F4xx_HAL_Driver/Src/stm32f4xx_hal_rcc.c.obj
                0x08000af8                HAL_RCC_ClockConfig
 .text.HAL_GPIO_Init
                0x08000c34      0x23c CMakeFiles/Template_cmake.dir/Drivers/STM32F4xx_HAL_Driver/Src/stm32f4xx_hal_gpio.c.obj
                0x08000c34                HAL_GPIO_Init
 .text.HAL_GPIO_WritePin
                0x08000e70        0x8 CMakeFiles/Template_cmake.dir/Drivers/STM32F4xx_HAL_Driver/Src/stm32f4xx_hal_gpio.c.obj
                0x08000e70                HAL_GPIO_WritePin
 .text.HAL_NVIC_SetPriorityGrouping
                0x08000e78       0x24 CMakeFiles/Template_cmake.dir/Drivers/STM32F4xx_HAL_Driver/Src/stm32f4xx_hal_cortex.c.obj
                0x08000e78                HAL_NVIC_SetPriorityGrouping
 .text.HAL_NVIC_SetPriority
                0x08000e9c       0x78 CMakeFiles/Template_cmake.dir/Drivers/STM32F4xx_HAL_Driver/Src/stm32f4xx_hal_cortex.c.obj
                0x08000e9c                HAL_NVIC_SetPriority
 .text.HAL_SYSTICK_Config
                0x08000f14       0x34 CMakeFiles/Template_cmake.dir/Drivers/STM32F4xx_HAL_Driver/Src/stm32f4xx_hal_cortex.c.obj
                0x08000f14                HAL_SYSTICK_Config
 .text.HAL_InitTick
                0x08000f48       0x48 CMakeFiles/Template_cmake.dir/Drivers/STM32F4xx_HAL_Driver/Src/stm32f4xx_hal.c.obj
                0x08000f48                HAL_InitTick
 .text.HAL_Init
                0x08000f90       0x34 CMakeFiles/Template_cmake.dir/Drivers/STM32F4xx_HAL_Driver/Src/stm32f4xx_hal.c.obj
                0x08000f90                HAL_Init
 .text.HAL_IncTick
                0x08000fc4       0x18 CMakeFiles/Template_cmake.dir/Drivers/STM32F4xx_HAL_Driver/Src/stm32f4xx_hal.c.obj
                0x08000fc4                HAL_IncTick
 .text.HAL_GetTick
                0x08000fdc        0xc CMakeFiles/Template_cmake.dir/Drivers/STM32F4xx_HAL_Driver/Src/stm32f4xx_hal.c.obj
                0x08000fdc                HAL_GetTick
 .text.HAL_Delay
                0x08000fe8       0x24 CMakeFiles/Template_cmake.dir/Drivers/STM32F4xx_HAL_Driver/Src/stm32f4xx_hal.c.obj
                0x08000fe8                HAL_Delay
 .text.SystemInit
                0x0800100c       0x14 CMakeFiles/Template_cmake.dir/Core/Src/system_stm32f4xx.c.obj
                0x0800100c                SystemInit
 .text.Reset_Handler
                0x08001020       0x50 CMakeFiles/Template_cmake.dir/startup_stm32f407xx.s.obj
                0x08001020                Reset_Handler
 .text.Default_Handler
                0x08001070        0x2 CMakeFiles/Template_cmake.dir/startup_stm32f407xx.s.obj
                0x08001070                RTC_Alarm_IRQHandler
                0x08001070                HASH_RNG_IRQHandler
                0x08001070                EXTI2_IRQHandler
                0x08001070                TIM8_CC_IRQHandler
                0x08001070                TIM1_CC_IRQHandler
                0x08001070                DMA2_Stream5_IRQHandler
                0x08001070                DMA1_Stream5_IRQHandler
                0x08001070                PVD_IRQHandler
                0x08001070                SDIO_IRQHandler
                0x08001070                TAMP_STAMP_IRQHandler
                0x08001070                CAN2_RX1_IRQHandler
                0x08001070                EXTI3_IRQHandler
                0x08001070                TIM8_TRG_COM_TIM14_IRQHandler
                0x08001070                TIM1_UP_TIM10_IRQHandler
                0x08001070                TIM8_UP_TIM13_IRQHandler
                0x08001070                I2C3_ER_IRQHandler
                0x08001070                EXTI0_IRQHandler
                0x08001070                I2C2_EV_IRQHandler
                0x08001070                DMA1_Stream2_IRQHandler
                0x08001070                CAN1_RX0_IRQHandler
                0x08001070                FPU_IRQHandler
                0x08001070                OTG_HS_WKUP_IRQHandler
                0x08001070                CAN2_SCE_IRQHandler
                0x08001070                DMA2_Stream2_IRQHandler
                0x08001070                SPI1_IRQHandler
                0x08001070                TIM6_DAC_IRQHandler
                0x08001070                TIM1_BRK_TIM9_IRQHandler
                0x08001070                DCMI_IRQHandler
                0x08001070                CAN2_RX0_IRQHandler
                0x08001070                DMA2_Stream3_IRQHandler
                0x08001070                USART6_IRQHandler
                0x08001070                USART3_IRQHandler
                0x08001070                CAN1_RX1_IRQHandler
                0x08001070                UART5_IRQHandler
                0x08001070                DMA2_Stream0_IRQHandler
                0x08001070                TIM4_IRQHandler
                0x08001070                I2C1_EV_IRQHandler
                0x08001070                DMA1_Stream6_IRQHandler
                0x08001070                DMA1_Stream1_IRQHandler
                0x08001070                UART4_IRQHandler
                0x08001070                TIM3_IRQHandler
                0x08001070                RCC_IRQHandler
                0x08001070                TIM8_BRK_TIM12_IRQHandler
                0x08001070                Default_Handler
                0x08001070                EXTI15_10_IRQHandler
                0x08001070                ADC_IRQHandler
                0x08001070                DMA1_Stream7_IRQHandler
                0x08001070                TIM7_IRQHandler
                0x08001070                CAN2_TX_IRQHandler
                0x08001070                TIM5_IRQHandler
                0x08001070                DMA2_Stream7_IRQHandler
                0x08001070                I2C3_EV_IRQHandler
                0x08001070                EXTI9_5_IRQHandler
                0x08001070                RTC_WKUP_IRQHandler
                0x08001070                ETH_WKUP_IRQHandler
                0x08001070                SPI2_IRQHandler
                0x08001070                OTG_HS_EP1_IN_IRQHandler
                0x08001070                DMA1_Stream0_IRQHandler
                0x08001070                CAN1_TX_IRQHandler
                0x08001070                EXTI4_IRQHandler
                0x08001070                FSMC_IRQHandler
                0x08001070                ETH_IRQHandler
                0x08001070                OTG_HS_EP1_OUT_IRQHandler
                0x08001070                WWDG_IRQHandler
                0x08001070                TIM2_IRQHandler
                0x08001070                OTG_FS_WKUP_IRQHandler
                0x08001070                TIM1_TRG_COM_TIM11_IRQHandler
                0x08001070                OTG_HS_IRQHandler
                0x08001070                EXTI1_IRQHandler
                0x08001070                USART2_IRQHandler
                0x08001070                I2C2_ER_IRQHandler
                0x08001070                DMA2_Stream1_IRQHandler
                0x08001070                CAN1_SCE_IRQHandler
                0x08001070                FLASH_IRQHandler
                0x08001070                DMA2_Stream4_IRQHandler
                0x08001070                USART1_IRQHandler
                0x08001070                OTG_FS_IRQHandler
                0x08001070                SPI3_IRQHandler
                0x08001070                DMA1_Stream4_IRQHandler
                0x08001070                I2C1_ER_IRQHandler
                0x08001070                DMA2_Stream6_IRQHandler
                0x08001070                DMA1_Stream3_IRQHandler
 *(.glue_7)
 .glue_7        0x08001072        0x0 linker stubs
 *(.glue_7t)
 .glue_7t       0x08001072        0x0 linker stubs
 *(.eh_frame)
 *fill*         0x08001072        0x2 
 .eh_frame      0x08001074        0x0 /opt/st/stm32cubeclt_1.17.0/GNU-tools-for-STM32/bin/../lib/gcc/arm-none-eabi/12.3.1/thumb/v7e-m+fp/hard/crtbegin.o
 *(.init)
 .init          0x08001074        0x4 /opt/st/stm32cubeclt_1.17.0/GNU-tools-for-STM32/bin/../lib/gcc/arm-none-eabi/12.3.1/thumb/v7e-m+fp/hard/crti.o
                0x08001074                _init
 .init          0x08001078        0x8 /opt/st/stm32cubeclt_1.17.0/GNU-tools-for-STM32/bin/../lib/gcc/arm-none-eabi/12.3.1/thumb/v7e-m+fp/hard/crtn.o
 *(.fini)
 .fini          0x08001080        0x4 /opt/st/stm32cubeclt_1.17.0/GNU-tools-for-STM32/bin/../lib/gcc/arm-none-eabi/12.3.1/thumb/v7e-m+fp/hard/crti.o
                0x08001080                _fini
 .fini          0x08001084        0x8 /opt/st/stm32cubeclt_1.17.0/GNU-tools-for-STM32/bin/../lib/gcc/arm-none-eabi/12.3.1/thumb/v7e-m+fp/hard/crtn.o
                0x0800108c                        . = ALIGN (0x4)
                0x0800108c                        _etext = .

.vfp11_veneer   0x0800108c        0x0
 .vfp11_veneer  0x0800108c        0x0 linker stubs

.v4_bx          0x0800108c        0x0
 .v4_bx         0x0800108c        0x0 linker stubs

.iplt           0x0800108c        0x0
 .iplt          0x0800108c        0x0 /opt/st/stm32cubeclt_1.17.0/GNU-tools-for-STM32/bin/../lib/gcc/arm-none-eabi/12.3.1/thumb/v7e-m+fp/hard/crtbegin.o

.rodata         0x0800108c       0x10
                0x0800108c                        . = ALIGN (0x4)
 *(.rodata)
 *(.rodata*)
 .rodata.AHBPrescTable
                0x0800108c       0x10 CMakeFiles/Template_cmake.dir/Core/Src/system_stm32f4xx.c.obj
                0x0800108c                AHBPrescTable
                0x0800109c                        . = ALIGN (0x4)

.ARM.extab
 *(.ARM.extab* .gnu.linkonce.armextab.*)

.ARM            0x0800109c        0x8
                0x0800109c                        __exidx_start = .
 *(.ARM.exidx*)
 .ARM.exidx     0x0800109c        0x8 /opt/st/stm32cubeclt_1.17.0/GNU-tools-for-STM32/bin/../lib/gcc/arm-none-eabi/12.3.1/thumb/v7e-m+fp/hard/libgcc.a(_udivmoddi4.o)
                0x080010a4                        __exidx_end = .

.rel.dyn        0x080010a4        0x0
 .rel.iplt      0x080010a4        0x0 /opt/st/stm32cubeclt_1.17.0/GNU-tools-for-STM32/bin/../lib/gcc/arm-none-eabi/12.3.1/thumb/v7e-m+fp/hard/crtbegin.o

.preinit_array  0x080010a4        0x0
                0x080010a4                        PROVIDE (__preinit_array_start = .)
 *(.preinit_array*)
                0x080010a4                        PROVIDE (__preinit_array_end = .)

.init_array     0x080010a4        0x4
                0x080010a4                        PROVIDE (__init_array_start = .)
 *(SORT_BY_NAME(.init_array.*))
 *(.init_array*)
 .init_array    0x080010a4        0x4 /opt/st/stm32cubeclt_1.17.0/GNU-tools-for-STM32/bin/../lib/gcc/arm-none-eabi/12.3.1/thumb/v7e-m+fp/hard/crtbegin.o
                0x080010a8                        PROVIDE (__init_array_end = .)

.fini_array     0x080010a8        0x4
                [!provide]                        PROVIDE (__fini_array_start = .)
 *(SORT_BY_NAME(.fini_array.*))
 *(.fini_array*)
 .fini_array    0x080010a8        0x4 /opt/st/stm32cubeclt_1.17.0/GNU-tools-for-STM32/bin/../lib/gcc/arm-none-eabi/12.3.1/thumb/v7e-m+fp/hard/crtbegin.o
                [!provide]                        PROVIDE (__fini_array_end = .)
                0x080010ac                        _sidata = LOADADDR (.data)

.data           0x20000000        0xc load address 0x080010ac
                0x20000000                        . = ALIGN (0x4)
                0x20000000                        _sdata = .
 *(.data)
 *(.data*)
 .data.uwTickFreq
                0x20000000        0x1 CMakeFiles/Template_cmake.dir/Drivers/STM32F4xx_HAL_Driver/Src/stm32f4xx_hal.c.obj
                0x20000000                uwTickFreq
 *fill*         0x20000001        0x3 
 .data.uwTickPrio
                0x20000004        0x4 CMakeFiles/Template_cmake.dir/Drivers/STM32F4xx_HAL_Driver/Src/stm32f4xx_hal.c.obj
                0x20000004                uwTickPrio
 .data.SystemCoreClock
                0x20000008        0x4 CMakeFiles/Template_cmake.dir/Core/Src/system_stm32f4xx.c.obj
                0x20000008                SystemCoreClock
                0x2000000c                        . = ALIGN (0x4)
                0x2000000c                        _edata = .
                0x080010b8                        _siccmram = LOADADDR (.ccmram)

.igot.plt       0x2000000c        0x0 load address 0x080010b8
 .igot.plt      0x2000000c        0x0 /opt/st/stm32cubeclt_1.17.0/GNU-tools-for-STM32/bin/../lib/gcc/arm-none-eabi/12.3.1/thumb/v7e-m+fp/hard/crtbegin.o

.ccmram         0x10000000        0x0 load address 0x080010b8
                0x10000000                        . = ALIGN (0x4)
                0x10000000                        _sccmram = .
 *(.ccmram)
 *(.ccmram*)
                0x10000000                        . = ALIGN (0x4)
                0x10000000                        _eccmram = .
                0x10000000                        . = ALIGN (0x4)

.bss            0x2000000c       0x20
                0x2000000c                        _sbss = .
                0x2000000c                        __bss_start__ = _sbss
 *(.bss)
 .bss           0x2000000c       0x1c /opt/st/stm32cubeclt_1.17.0/GNU-tools-for-STM32/bin/../lib/gcc/arm-none-eabi/12.3.1/thumb/v7e-m+fp/hard/crtbegin.o
 *(.bss*)
 .bss.uwTick    0x20000028        0x4 CMakeFiles/Template_cmake.dir/Drivers/STM32F4xx_HAL_Driver/Src/stm32f4xx_hal.c.obj
                0x20000028                uwTick
 *(COMMON)
                0x2000002c                        . = ALIGN (0x4)
                0x2000002c                        _ebss = .
                0x2000002c                        __bss_end__ = _ebss

._user_heap_stack
                0x2000002c      0x604
                0x20000030                        . = ALIGN (0x8)
 *fill*         0x2000002c        0x4 
                [!provide]                        PROVIDE (end = .)
                0x20000030                        PROVIDE (_end = .)
                0x20000230                        . = (. + _Min_Heap_Size)
 *fill*         0x20000030      0x200 
                0x20000630                        . = (. + _Min_Stack_Size)
 *fill*         0x20000230      0x400 
                0x20000630                        . = ALIGN (0x8)

/DISCARD/
 libc.a(*)
 libm.a(*)
 libgcc.a(*)
OUTPUT(Template_cmake.elf elf32-littlearm)
LOAD linker stubs
LOAD /opt/st/stm32cubeclt_1.17.0/GNU-tools-for-STM32/bin/../lib/gcc/arm-none-eabi/12.3.1/../../../../arm-none-eabi/lib/thumb/v7e-m+fp/hard/libc.a
LOAD /opt/st/stm32cubeclt_1.17.0/GNU-tools-for-STM32/bin/../lib/gcc/arm-none-eabi/12.3.1/../../../../arm-none-eabi/lib/thumb/v7e-m+fp/hard/libm.a
LOAD /opt/st/stm32cubeclt_1.17.0/GNU-tools-for-STM32/bin/../lib/gcc/arm-none-eabi/12.3.1/thumb/v7e-m+fp/hard/libgcc.a

.ARM.attributes
                0x00000000       0x30
 .ARM.attributes
                0x00000000       0x22 /opt/st/stm32cubeclt_1.17.0/GNU-tools-for-STM32/bin/../lib/gcc/arm-none-eabi/12.3.1/thumb/v7e-m+fp/hard/crti.o
 .ARM.attributes
                0x00000022       0x34 /opt/st/stm32cubeclt_1.17.0/GNU-tools-for-STM32/bin/../lib/gcc/arm-none-eabi/12.3.1/thumb/v7e-m+fp/hard/crtbegin.o
 .ARM.attributes
                0x00000056       0x34 /opt/st/stm32cubeclt_1.17.0/GNU-tools-for-STM32/bin/../lib/gcc/arm-none-eabi/12.3.1/../../../../arm-none-eabi/lib/thumb/v7e-m+fp/hard/libc_nano.a(libc_a-init.o)
 .ARM.attributes
                0x0000008a       0x34 CMakeFiles/Template_cmake.dir/Core/Src/main.c.obj
 .ARM.attributes
                0x000000be       0x34 CMakeFiles/Template_cmake.dir/Core/Src/gpio.c.obj
 .ARM.attributes
                0x000000f2       0x34 CMakeFiles/Template_cmake.dir/Core/Src/stm32f4xx_it.c.obj
 .ARM.attributes
                0x00000126       0x34 CMakeFiles/Template_cmake.dir/Core/Src/stm32f4xx_hal_msp.c.obj
 .ARM.attributes
                0x0000015a       0x34 CMakeFiles/Template_cmake.dir/Drivers/STM32F4xx_HAL_Driver/Src/stm32f4xx_hal_rcc.c.obj
 .ARM.attributes
                0x0000018e       0x34 CMakeFiles/Template_cmake.dir/Drivers/STM32F4xx_HAL_Driver/Src/stm32f4xx_hal_gpio.c.obj
 .ARM.attributes
                0x000001c2       0x34 CMakeFiles/Template_cmake.dir/Drivers/STM32F4xx_HAL_Driver/Src/stm32f4xx_hal_cortex.c.obj
 .ARM.attributes
                0x000001f6       0x34 CMakeFiles/Template_cmake.dir/Drivers/STM32F4xx_HAL_Driver/Src/stm32f4xx_hal.c.obj
 .ARM.attributes
                0x0000022a       0x34 CMakeFiles/Template_cmake.dir/Core/Src/system_stm32f4xx.c.obj
 .ARM.attributes
                0x0000025e       0x21 CMakeFiles/Template_cmake.dir/startup_stm32f407xx.s.obj
 .ARM.attributes
                0x0000027f       0x22 /opt/st/stm32cubeclt_1.17.0/GNU-tools-for-STM32/bin/../lib/gcc/arm-none-eabi/12.3.1/thumb/v7e-m+fp/hard/libgcc.a(_aeabi_uldivmod.o)
 .ARM.attributes
                0x000002a1       0x34 /opt/st/stm32cubeclt_1.17.0/GNU-tools-for-STM32/bin/../lib/gcc/arm-none-eabi/12.3.1/thumb/v7e-m+fp/hard/libgcc.a(_udivmoddi4.o)
 .ARM.attributes
                0x000002d5       0x22 /opt/st/stm32cubeclt_1.17.0/GNU-tools-for-STM32/bin/../lib/gcc/arm-none-eabi/12.3.1/thumb/v7e-m+fp/hard/libgcc.a(_dvmd_tls.o)
 .ARM.attributes
                0x000002f7       0x22 /opt/st/stm32cubeclt_1.17.0/GNU-tools-for-STM32/bin/../lib/gcc/arm-none-eabi/12.3.1/thumb/v7e-m+fp/hard/crtn.o

.comment        0x00000000       0x43
 .comment       0x00000000       0x43 CMakeFiles/Template_cmake.dir/Core/Src/main.c.obj
                                 0x44 (size before relaxing)
 .comment       0x00000043       0x44 CMakeFiles/Template_cmake.dir/Core/Src/gpio.c.obj
 .comment       0x00000043       0x44 CMakeFiles/Template_cmake.dir/Core/Src/stm32f4xx_it.c.obj
 .comment       0x00000043       0x44 CMakeFiles/Template_cmake.dir/Core/Src/stm32f4xx_hal_msp.c.obj
 .comment       0x00000043       0x44 CMakeFiles/Template_cmake.dir/Drivers/STM32F4xx_HAL_Driver/Src/stm32f4xx_hal_rcc.c.obj
 .comment       0x00000043       0x44 CMakeFiles/Template_cmake.dir/Drivers/STM32F4xx_HAL_Driver/Src/stm32f4xx_hal_gpio.c.obj
 .comment       0x00000043       0x44 CMakeFiles/Template_cmake.dir/Drivers/STM32F4xx_HAL_Driver/Src/stm32f4xx_hal_cortex.c.obj
 .comment       0x00000043       0x44 CMakeFiles/Template_cmake.dir/Drivers/STM32F4xx_HAL_Driver/Src/stm32f4xx_hal.c.obj
 .comment       0x00000043       0x44 CMakeFiles/Template_cmake.dir/Core/Src/system_stm32f4xx.c.obj

.debug_frame    0x00000000       0x8c
 .debug_frame   0x00000000       0x2c /opt/st/stm32cubeclt_1.17.0/GNU-tools-for-STM32/bin/../lib/gcc/arm-none-eabi/12.3.1/../../../../arm-none-eabi/lib/thumb/v7e-m+fp/hard/libc_nano.a(libc_a-init.o)
 .debug_frame   0x0000002c       0x2c /opt/st/stm32cubeclt_1.17.0/GNU-tools-for-STM32/bin/../lib/gcc/arm-none-eabi/12.3.1/thumb/v7e-m+fp/hard/libgcc.a(_aeabi_uldivmod.o)
 .debug_frame   0x00000058       0x34 /opt/st/stm32cubeclt_1.17.0/GNU-tools-for-STM32/bin/../lib/gcc/arm-none-eabi/12.3.1/thumb/v7e-m+fp/hard/libgcc.a(_udivmoddi4.o)
